--timeout-secs --policy-dump --no-audit --max-calls-per-min --max-json-kb --cooldown-ms --context-head --head-limit --head-ext
